Archive member included to satisfy reference by file (symbol)

c:/program files (x86)/atmel/studio/7.0/toolchain/avr8/avr8-gnu-toolchain/bin/../lib/gcc/avr/5.4.0/avr5\libgcc.a(_udivmodhi4.o)
                              MCAL/UART.o (__udivmodhi4)
c:/program files (x86)/atmel/studio/7.0/toolchain/avr8/avr8-gnu-toolchain/bin/../lib/gcc/avr/5.4.0/avr5\libgcc.a(_exit.o)
                              C:/Program Files (x86)/Atmel/Studio/7.0/Packs/atmel/ATmega_DFP/1.3.300/gcc/dev/atmega32/avr5/crtatmega32.o (exit)
c:/program files (x86)/atmel/studio/7.0/toolchain/avr8/avr8-gnu-toolchain/bin/../lib/gcc/avr/5.4.0/avr5\libgcc.a(_copy_data.o)
                              main.o (__do_copy_data)
c:/program files (x86)/atmel/studio/7.0/toolchain/avr8/avr8-gnu-toolchain/bin/../lib/gcc/avr/5.4.0/avr5\libgcc.a(_clear_bss.o)
                              main.o (__do_clear_bss)
c:/program files (x86)/atmel/studio/7.0/toolchain/avr8/avr8-gnu-toolchain/bin/../lib/gcc/avr/5.4.0/avr5\libgcc.a(_umulhisi3.o)
                              MCAL/UART.o (__umulhisi3)

Allocating common symbols
Common symbol       size              file

pass                0x14              main.o
choose              0x1               main.o
Buffer              0x14              main.o

Discarded input sections

 .data          0x00000000        0x0 C:/Program Files (x86)/Atmel/Studio/7.0/Packs/atmel/ATmega_DFP/1.3.300/gcc/dev/atmega32/avr5/crtatmega32.o
 .bss           0x00000000        0x0 C:/Program Files (x86)/Atmel/Studio/7.0/Packs/atmel/ATmega_DFP/1.3.300/gcc/dev/atmega32/avr5/crtatmega32.o
 .text          0x00000000        0x0 eeprom.o
 .data          0x00000000        0x0 eeprom.o
 .bss           0x00000000        0x0 eeprom.o
 .text          0x00000000        0x0 I2C.o
 .data          0x00000000        0x0 I2C.o
 .bss           0x00000000        0x0 I2C.o
 .text.i2c_init_slave
                0x00000000        0xa I2C.o
 .text.i2c_slave_check_slave_address_received_with_write_req
                0x00000000       0x14 I2C.o
 .text.i2c_slave_check_slave_address_received_with_read_req
                0x00000000       0x14 I2C.o
 .text.i2c_slave_read_byte
                0x00000000       0x16 I2C.o
 .text.i2c_slave_write_byte
                0x00000000       0x16 I2C.o
 .text          0x00000000        0x0 main.o
 .data          0x00000000        0x0 main.o
 .bss           0x00000000        0x0 main.o
 .text          0x00000000        0x0 MCAL/DIO_PROG.o
 .data          0x00000000        0x0 MCAL/DIO_PROG.o
 .bss           0x00000000        0x0 MCAL/DIO_PROG.o
 .text.DIO_u8GetPinValue
                0x00000000       0x5e MCAL/DIO_PROG.o
 .text.DIO_u8GetPortValue
                0x00000000       0x28 MCAL/DIO_PROG.o
 .text          0x00000000        0x0 MCAL/UART.o
 .data          0x00000000        0x0 MCAL/UART.o
 .bss           0x00000000        0x0 MCAL/UART.o
 .text          0x00000000        0x0 program.o
 .data          0x00000000        0x0 program.o
 .bss           0x00000000        0x0 program.o
 .text.Unlock   0x00000000       0x28 program.o
 .text          0x00000000        0x0 TIMER_Program.o
 .data          0x00000000        0x0 TIMER_Program.o
 .bss           0x00000000        0x0 TIMER_Program.o
 .text          0x00000000        0x0 c:/program files (x86)/atmel/studio/7.0/toolchain/avr8/avr8-gnu-toolchain/bin/../lib/gcc/avr/5.4.0/avr5\libgcc.a(_udivmodhi4.o)
 .data          0x00000000        0x0 c:/program files (x86)/atmel/studio/7.0/toolchain/avr8/avr8-gnu-toolchain/bin/../lib/gcc/avr/5.4.0/avr5\libgcc.a(_udivmodhi4.o)
 .bss           0x00000000        0x0 c:/program files (x86)/atmel/studio/7.0/toolchain/avr8/avr8-gnu-toolchain/bin/../lib/gcc/avr/5.4.0/avr5\libgcc.a(_udivmodhi4.o)
 .text.libgcc.mul
                0x00000000        0x0 c:/program files (x86)/atmel/studio/7.0/toolchain/avr8/avr8-gnu-toolchain/bin/../lib/gcc/avr/5.4.0/avr5\libgcc.a(_udivmodhi4.o)
 .text.libgcc   0x00000000        0x0 c:/program files (x86)/atmel/studio/7.0/toolchain/avr8/avr8-gnu-toolchain/bin/../lib/gcc/avr/5.4.0/avr5\libgcc.a(_udivmodhi4.o)
 .text.libgcc.prologue
                0x00000000        0x0 c:/program files (x86)/atmel/studio/7.0/toolchain/avr8/avr8-gnu-toolchain/bin/../lib/gcc/avr/5.4.0/avr5\libgcc.a(_udivmodhi4.o)
 .text.libgcc.builtins
                0x00000000        0x0 c:/program files (x86)/atmel/studio/7.0/toolchain/avr8/avr8-gnu-toolchain/bin/../lib/gcc/avr/5.4.0/avr5\libgcc.a(_udivmodhi4.o)
 .text.libgcc.fmul
                0x00000000        0x0 c:/program files (x86)/atmel/studio/7.0/toolchain/avr8/avr8-gnu-toolchain/bin/../lib/gcc/avr/5.4.0/avr5\libgcc.a(_udivmodhi4.o)
 .text.libgcc.fixed
                0x00000000        0x0 c:/program files (x86)/atmel/studio/7.0/toolchain/avr8/avr8-gnu-toolchain/bin/../lib/gcc/avr/5.4.0/avr5\libgcc.a(_udivmodhi4.o)
 .text          0x00000000        0x0 c:/program files (x86)/atmel/studio/7.0/toolchain/avr8/avr8-gnu-toolchain/bin/../lib/gcc/avr/5.4.0/avr5\libgcc.a(_exit.o)
 .data          0x00000000        0x0 c:/program files (x86)/atmel/studio/7.0/toolchain/avr8/avr8-gnu-toolchain/bin/../lib/gcc/avr/5.4.0/avr5\libgcc.a(_exit.o)
 .bss           0x00000000        0x0 c:/program files (x86)/atmel/studio/7.0/toolchain/avr8/avr8-gnu-toolchain/bin/../lib/gcc/avr/5.4.0/avr5\libgcc.a(_exit.o)
 .text.libgcc.mul
                0x00000000        0x0 c:/program files (x86)/atmel/studio/7.0/toolchain/avr8/avr8-gnu-toolchain/bin/../lib/gcc/avr/5.4.0/avr5\libgcc.a(_exit.o)
 .text.libgcc.div
                0x00000000        0x0 c:/program files (x86)/atmel/studio/7.0/toolchain/avr8/avr8-gnu-toolchain/bin/../lib/gcc/avr/5.4.0/avr5\libgcc.a(_exit.o)
 .text.libgcc   0x00000000        0x0 c:/program files (x86)/atmel/studio/7.0/toolchain/avr8/avr8-gnu-toolchain/bin/../lib/gcc/avr/5.4.0/avr5\libgcc.a(_exit.o)
 .text.libgcc.prologue
                0x00000000        0x0 c:/program files (x86)/atmel/studio/7.0/toolchain/avr8/avr8-gnu-toolchain/bin/../lib/gcc/avr/5.4.0/avr5\libgcc.a(_exit.o)
 .text.libgcc.builtins
                0x00000000        0x0 c:/program files (x86)/atmel/studio/7.0/toolchain/avr8/avr8-gnu-toolchain/bin/../lib/gcc/avr/5.4.0/avr5\libgcc.a(_exit.o)
 .text.libgcc.fmul
                0x00000000        0x0 c:/program files (x86)/atmel/studio/7.0/toolchain/avr8/avr8-gnu-toolchain/bin/../lib/gcc/avr/5.4.0/avr5\libgcc.a(_exit.o)
 .text.libgcc.fixed
                0x00000000        0x0 c:/program files (x86)/atmel/studio/7.0/toolchain/avr8/avr8-gnu-toolchain/bin/../lib/gcc/avr/5.4.0/avr5\libgcc.a(_exit.o)
 .text          0x00000000        0x0 c:/program files (x86)/atmel/studio/7.0/toolchain/avr8/avr8-gnu-toolchain/bin/../lib/gcc/avr/5.4.0/avr5\libgcc.a(_copy_data.o)
 .data          0x00000000        0x0 c:/program files (x86)/atmel/studio/7.0/toolchain/avr8/avr8-gnu-toolchain/bin/../lib/gcc/avr/5.4.0/avr5\libgcc.a(_copy_data.o)
 .bss           0x00000000        0x0 c:/program files (x86)/atmel/studio/7.0/toolchain/avr8/avr8-gnu-toolchain/bin/../lib/gcc/avr/5.4.0/avr5\libgcc.a(_copy_data.o)
 .text.libgcc.mul
                0x00000000        0x0 c:/program files (x86)/atmel/studio/7.0/toolchain/avr8/avr8-gnu-toolchain/bin/../lib/gcc/avr/5.4.0/avr5\libgcc.a(_copy_data.o)
 .text.libgcc.div
                0x00000000        0x0 c:/program files (x86)/atmel/studio/7.0/toolchain/avr8/avr8-gnu-toolchain/bin/../lib/gcc/avr/5.4.0/avr5\libgcc.a(_copy_data.o)
 .text.libgcc   0x00000000        0x0 c:/program files (x86)/atmel/studio/7.0/toolchain/avr8/avr8-gnu-toolchain/bin/../lib/gcc/avr/5.4.0/avr5\libgcc.a(_copy_data.o)
 .text.libgcc.prologue
                0x00000000        0x0 c:/program files (x86)/atmel/studio/7.0/toolchain/avr8/avr8-gnu-toolchain/bin/../lib/gcc/avr/5.4.0/avr5\libgcc.a(_copy_data.o)
 .text.libgcc.builtins
                0x00000000        0x0 c:/program files (x86)/atmel/studio/7.0/toolchain/avr8/avr8-gnu-toolchain/bin/../lib/gcc/avr/5.4.0/avr5\libgcc.a(_copy_data.o)
 .text.libgcc.fmul
                0x00000000        0x0 c:/program files (x86)/atmel/studio/7.0/toolchain/avr8/avr8-gnu-toolchain/bin/../lib/gcc/avr/5.4.0/avr5\libgcc.a(_copy_data.o)
 .text.libgcc.fixed
                0x00000000        0x0 c:/program files (x86)/atmel/studio/7.0/toolchain/avr8/avr8-gnu-toolchain/bin/../lib/gcc/avr/5.4.0/avr5\libgcc.a(_copy_data.o)
 .text          0x00000000        0x0 c:/program files (x86)/atmel/studio/7.0/toolchain/avr8/avr8-gnu-toolchain/bin/../lib/gcc/avr/5.4.0/avr5\libgcc.a(_clear_bss.o)
 .data          0x00000000        0x0 c:/program files (x86)/atmel/studio/7.0/toolchain/avr8/avr8-gnu-toolchain/bin/../lib/gcc/avr/5.4.0/avr5\libgcc.a(_clear_bss.o)
 .bss           0x00000000        0x0 c:/program files (x86)/atmel/studio/7.0/toolchain/avr8/avr8-gnu-toolchain/bin/../lib/gcc/avr/5.4.0/avr5\libgcc.a(_clear_bss.o)
 .text.libgcc.mul
                0x00000000        0x0 c:/program files (x86)/atmel/studio/7.0/toolchain/avr8/avr8-gnu-toolchain/bin/../lib/gcc/avr/5.4.0/avr5\libgcc.a(_clear_bss.o)
 .text.libgcc.div
                0x00000000        0x0 c:/program files (x86)/atmel/studio/7.0/toolchain/avr8/avr8-gnu-toolchain/bin/../lib/gcc/avr/5.4.0/avr5\libgcc.a(_clear_bss.o)
 .text.libgcc   0x00000000        0x0 c:/program files (x86)/atmel/studio/7.0/toolchain/avr8/avr8-gnu-toolchain/bin/../lib/gcc/avr/5.4.0/avr5\libgcc.a(_clear_bss.o)
 .text.libgcc.prologue
                0x00000000        0x0 c:/program files (x86)/atmel/studio/7.0/toolchain/avr8/avr8-gnu-toolchain/bin/../lib/gcc/avr/5.4.0/avr5\libgcc.a(_clear_bss.o)
 .text.libgcc.builtins
                0x00000000        0x0 c:/program files (x86)/atmel/studio/7.0/toolchain/avr8/avr8-gnu-toolchain/bin/../lib/gcc/avr/5.4.0/avr5\libgcc.a(_clear_bss.o)
 .text.libgcc.fmul
                0x00000000        0x0 c:/program files (x86)/atmel/studio/7.0/toolchain/avr8/avr8-gnu-toolchain/bin/../lib/gcc/avr/5.4.0/avr5\libgcc.a(_clear_bss.o)
 .text.libgcc.fixed
                0x00000000        0x0 c:/program files (x86)/atmel/studio/7.0/toolchain/avr8/avr8-gnu-toolchain/bin/../lib/gcc/avr/5.4.0/avr5\libgcc.a(_clear_bss.o)
 .text          0x00000000        0x0 c:/program files (x86)/atmel/studio/7.0/toolchain/avr8/avr8-gnu-toolchain/bin/../lib/gcc/avr/5.4.0/avr5\libgcc.a(_umulhisi3.o)
 .data          0x00000000        0x0 c:/program files (x86)/atmel/studio/7.0/toolchain/avr8/avr8-gnu-toolchain/bin/../lib/gcc/avr/5.4.0/avr5\libgcc.a(_umulhisi3.o)
 .bss           0x00000000        0x0 c:/program files (x86)/atmel/studio/7.0/toolchain/avr8/avr8-gnu-toolchain/bin/../lib/gcc/avr/5.4.0/avr5\libgcc.a(_umulhisi3.o)
 .text.libgcc.div
                0x00000000        0x0 c:/program files (x86)/atmel/studio/7.0/toolchain/avr8/avr8-gnu-toolchain/bin/../lib/gcc/avr/5.4.0/avr5\libgcc.a(_umulhisi3.o)
 .text.libgcc   0x00000000        0x0 c:/program files (x86)/atmel/studio/7.0/toolchain/avr8/avr8-gnu-toolchain/bin/../lib/gcc/avr/5.4.0/avr5\libgcc.a(_umulhisi3.o)
 .text.libgcc.prologue
                0x00000000        0x0 c:/program files (x86)/atmel/studio/7.0/toolchain/avr8/avr8-gnu-toolchain/bin/../lib/gcc/avr/5.4.0/avr5\libgcc.a(_umulhisi3.o)
 .text.libgcc.builtins
                0x00000000        0x0 c:/program files (x86)/atmel/studio/7.0/toolchain/avr8/avr8-gnu-toolchain/bin/../lib/gcc/avr/5.4.0/avr5\libgcc.a(_umulhisi3.o)
 .text.libgcc.fmul
                0x00000000        0x0 c:/program files (x86)/atmel/studio/7.0/toolchain/avr8/avr8-gnu-toolchain/bin/../lib/gcc/avr/5.4.0/avr5\libgcc.a(_umulhisi3.o)
 .text.libgcc.fixed
                0x00000000        0x0 c:/program files (x86)/atmel/studio/7.0/toolchain/avr8/avr8-gnu-toolchain/bin/../lib/gcc/avr/5.4.0/avr5\libgcc.a(_umulhisi3.o)

Memory Configuration

Name             Origin             Length             Attributes
text             0x00000000         0x00020000         xr
data             0x00800060         0x0000ffa0         rw !x
eeprom           0x00810000         0x00010000         rw !x
fuse             0x00820000         0x00000002         rw !x
lock             0x00830000         0x00000400         rw !x
signature        0x00840000         0x00000400         rw !x
user_signatures  0x00850000         0x00000400         rw !x
*default*        0x00000000         0xffffffff

Linker script and memory map

LOAD C:/Program Files (x86)/Atmel/Studio/7.0/Packs/atmel/ATmega_DFP/1.3.300/gcc/dev/atmega32/avr5/crtatmega32.o
LOAD eeprom.o
LOAD I2C.o
LOAD main.o
LOAD MCAL/DIO_PROG.o
LOAD MCAL/UART.o
LOAD program.o
LOAD TIMER_Program.o
START GROUP
LOAD c:/program files (x86)/atmel/studio/7.0/toolchain/avr8/avr8-gnu-toolchain/bin/../lib/gcc/avr/5.4.0/../../../../avr/lib/avr5\libm.a
END GROUP
START GROUP
LOAD c:/program files (x86)/atmel/studio/7.0/toolchain/avr8/avr8-gnu-toolchain/bin/../lib/gcc/avr/5.4.0/avr5\libgcc.a
LOAD c:/program files (x86)/atmel/studio/7.0/toolchain/avr8/avr8-gnu-toolchain/bin/../lib/gcc/avr/5.4.0/../../../../avr/lib/avr5\libm.a
LOAD c:/program files (x86)/atmel/studio/7.0/toolchain/avr8/avr8-gnu-toolchain/bin/../lib/gcc/avr/5.4.0/../../../../avr/lib/avr5\libc.a
LOAD C:/Program Files (x86)/Atmel/Studio/7.0/Packs/atmel/ATmega_DFP/1.3.300/gcc/dev/atmega32/avr5\libatmega32.a
END GROUP
                0x00000000                __TEXT_REGION_ORIGIN__ = DEFINED (__TEXT_REGION_ORIGIN__)?__TEXT_REGION_ORIGIN__:0x0
                0x00800060                __DATA_REGION_ORIGIN__ = DEFINED (__DATA_REGION_ORIGIN__)?__DATA_REGION_ORIGIN__:0x800060
                0x00020000                __TEXT_REGION_LENGTH__ = DEFINED (__TEXT_REGION_LENGTH__)?__TEXT_REGION_LENGTH__:0x20000
                0x0000ffa0                __DATA_REGION_LENGTH__ = DEFINED (__DATA_REGION_LENGTH__)?__DATA_REGION_LENGTH__:0xffa0
                0x00010000                __EEPROM_REGION_LENGTH__ = DEFINED (__EEPROM_REGION_LENGTH__)?__EEPROM_REGION_LENGTH__:0x10000
                [0x00000002]                __FUSE_REGION_LENGTH__ = DEFINED (__FUSE_REGION_LENGTH__)?__FUSE_REGION_LENGTH__:0x400
                0x00000400                __LOCK_REGION_LENGTH__ = DEFINED (__LOCK_REGION_LENGTH__)?__LOCK_REGION_LENGTH__:0x400
                0x00000400                __SIGNATURE_REGION_LENGTH__ = DEFINED (__SIGNATURE_REGION_LENGTH__)?__SIGNATURE_REGION_LENGTH__:0x400
                0x00000400                __USER_SIGNATURE_REGION_LENGTH__ = DEFINED (__USER_SIGNATURE_REGION_LENGTH__)?__USER_SIGNATURE_REGION_LENGTH__:0x400

.hash
 *(.hash)

.dynsym
 *(.dynsym)

.dynstr
 *(.dynstr)

.gnu.version
 *(.gnu.version)

.gnu.version_d
 *(.gnu.version_d)

.gnu.version_r
 *(.gnu.version_r)

.rel.init
 *(.rel.init)

.rela.init
 *(.rela.init)

.rel.text
 *(.rel.text)
 *(.rel.text.*)
 *(.rel.gnu.linkonce.t*)

.rela.text
 *(.rela.text)
 *(.rela.text.*)
 *(.rela.gnu.linkonce.t*)

.rel.fini
 *(.rel.fini)

.rela.fini
 *(.rela.fini)

.rel.rodata
 *(.rel.rodata)
 *(.rel.rodata.*)
 *(.rel.gnu.linkonce.r*)

.rela.rodata
 *(.rela.rodata)
 *(.rela.rodata.*)
 *(.rela.gnu.linkonce.r*)

.rel.data
 *(.rel.data)
 *(.rel.data.*)
 *(.rel.gnu.linkonce.d*)

.rela.data
 *(.rela.data)
 *(.rela.data.*)
 *(.rela.gnu.linkonce.d*)

.rel.ctors
 *(.rel.ctors)

.rela.ctors
 *(.rela.ctors)

.rel.dtors
 *(.rel.dtors)

.rela.dtors
 *(.rela.dtors)

.rel.got
 *(.rel.got)

.rela.got
 *(.rela.got)

.rel.bss
 *(.rel.bss)

.rela.bss
 *(.rela.bss)

.rel.plt
 *(.rel.plt)

.rela.plt
 *(.rela.plt)

.text           0x00000000      0xed2
 *(.vectors)
 .vectors       0x00000000       0x54 C:/Program Files (x86)/Atmel/Studio/7.0/Packs/atmel/ATmega_DFP/1.3.300/gcc/dev/atmega32/avr5/crtatmega32.o
                0x00000000                __vector_default
                0x00000000                __vectors
 *(.vectors)
 *(.progmem.gcc*)
                0x00000054                . = ALIGN (0x2)
                0x00000054                __trampolines_start = .
 *(.trampolines)
 .trampolines   0x00000054        0x0 linker stubs
 *(.trampolines*)
                0x00000054                __trampolines_end = .
 *libprintf_flt.a:*(.progmem.data)
 *libc.a:*(.progmem.data)
 *(.progmem*)
                0x00000054                . = ALIGN (0x2)
 *(.jumptables)
 *(.jumptables*)
 *(.lowtext)
 *(.lowtext*)
                0x00000054                __ctors_start = .
 *(.ctors)
                0x00000054                __ctors_end = .
                0x00000054                __dtors_start = .
 *(.dtors)
                0x00000054                __dtors_end = .
 SORT(*)(.ctors)
 SORT(*)(.dtors)
 *(.init0)
 .init0         0x00000054        0x0 C:/Program Files (x86)/Atmel/Studio/7.0/Packs/atmel/ATmega_DFP/1.3.300/gcc/dev/atmega32/avr5/crtatmega32.o
                0x00000054                __init
 *(.init0)
 *(.init1)
 *(.init1)
 *(.init2)
 .init2         0x00000054        0xc C:/Program Files (x86)/Atmel/Studio/7.0/Packs/atmel/ATmega_DFP/1.3.300/gcc/dev/atmega32/avr5/crtatmega32.o
 *(.init2)
 *(.init3)
 *(.init3)
 *(.init4)
 .init4         0x00000060       0x16 c:/program files (x86)/atmel/studio/7.0/toolchain/avr8/avr8-gnu-toolchain/bin/../lib/gcc/avr/5.4.0/avr5\libgcc.a(_copy_data.o)
                0x00000060                __do_copy_data
 .init4         0x00000076       0x10 c:/program files (x86)/atmel/studio/7.0/toolchain/avr8/avr8-gnu-toolchain/bin/../lib/gcc/avr/5.4.0/avr5\libgcc.a(_clear_bss.o)
                0x00000076                __do_clear_bss
 *(.init4)
 *(.init5)
 *(.init5)
 *(.init6)
 *(.init6)
 *(.init7)
 *(.init7)
 *(.init8)
 *(.init8)
 *(.init9)
 .init9         0x00000086        0x8 C:/Program Files (x86)/Atmel/Studio/7.0/Packs/atmel/ATmega_DFP/1.3.300/gcc/dev/atmega32/avr5/crtatmega32.o
 *(.init9)
 *(.text)
 .text          0x0000008e        0x4 C:/Program Files (x86)/Atmel/Studio/7.0/Packs/atmel/ATmega_DFP/1.3.300/gcc/dev/atmega32/avr5/crtatmega32.o
                0x0000008e                __vector_1
                0x0000008e                __vector_12
                0x0000008e                __bad_interrupt
                0x0000008e                __vector_6
                0x0000008e                __vector_3
                0x0000008e                __vector_11
                0x0000008e                __vector_13
                0x0000008e                __vector_17
                0x0000008e                __vector_19
                0x0000008e                __vector_7
                0x0000008e                __vector_5
                0x0000008e                __vector_4
                0x0000008e                __vector_9
                0x0000008e                __vector_2
                0x0000008e                __vector_15
                0x0000008e                __vector_8
                0x0000008e                __vector_14
                0x0000008e                __vector_10
                0x0000008e                __vector_16
                0x0000008e                __vector_18
                0x0000008e                __vector_20
                0x00000092                . = ALIGN (0x2)
 *(.text.*)
 .text.EEPROM_voidInit
                0x00000092        0x6 eeprom.o
                0x00000092                EEPROM_voidInit
 .text.EEPROM_voidSendDataByte
                0x00000098       0x34 eeprom.o
                0x00000098                EEPROM_voidSendDataByte
 .text.EEPROM_u8ReadDataByte
                0x000000cc       0x3a eeprom.o
                0x000000cc                EEPROM_u8ReadDataByte
 .text.i2c_init_master
                0x00000106       0x10 I2C.o
                0x00000106                i2c_init_master
 .text.i2c_start
                0x00000116       0x14 I2C.o
                0x00000116                i2c_start
 .text.i2c_repeated_start
                0x0000012a       0x14 I2C.o
                0x0000012a                i2c_repeated_start
 .text.i2c_send_slave_address_with_write_req
                0x0000013e       0x18 I2C.o
                0x0000013e                i2c_send_slave_address_with_write_req
 .text.i2c_send_slave_address_with_read_req
                0x00000156       0x1a I2C.o
                0x00000156                i2c_send_slave_address_with_read_req
 .text.i2c_write_byte
                0x00000170       0x16 I2C.o
                0x00000170                i2c_write_byte
 .text.i2c_read_byte
                0x00000186       0x16 I2C.o
                0x00000186                i2c_read_byte
 .text.i2c_stop
                0x0000019c        0x6 I2C.o
                0x0000019c                i2c_stop
 .text.main     0x000001a2       0xe8 main.o
                0x000001a2                main
 .text.DIO_voidSetPinDirection
                0x0000028a       0xee MCAL/DIO_PROG.o
                0x0000028a                DIO_voidSetPinDirection
 .text.DIO_voidSetPinValue
                0x00000378      0x15a MCAL/DIO_PROG.o
                0x00000378                DIO_voidSetPinValue
 .text.DIO_voidSetPortDirection
                0x000004d2       0x54 MCAL/DIO_PROG.o
                0x000004d2                DIO_voidSetPortDirection
 .text.DIO_voidSetPortValue
                0x00000526       0x54 MCAL/DIO_PROG.o
                0x00000526                DIO_voidSetPortValue
 .text.UART_voidInit
                0x0000057a        0xe MCAL/UART.o
                0x0000057a                UART_voidInit
 .text.UART_voidSendDataSynch
                0x00000588        0xe MCAL/UART.o
                0x00000588                UART_voidSendDataSynch
 .text.UART_u8ReceiveDataSynch
                0x00000596        0xe MCAL/UART.o
                0x00000596                UART_u8ReceiveDataSynch
 .text.UART_voidSendStringSynch
                0x000005a4       0x2c MCAL/UART.o
                0x000005a4                UART_voidSendStringSynch
 .text.UART_voidSendNumberSynch
                0x000005d0       0x78 MCAL/UART.o
                0x000005d0                UART_voidSendNumberSynch
 .text.UART_voidReceiveStringSynch
                0x00000648       0x52 MCAL/UART.o
                0x00000648                UART_voidReceiveStringSynch
 .text.UART_voidReceiveNumberSynch
                0x0000069a      0x120 MCAL/UART.o
                0x0000069a                UART_voidReceiveNumberSynch
 .text.EEPROM_voidWriteName
                0x000007ba       0x6e program.o
                0x000007ba                EEPROM_voidWriteName
 .text.EEPROM_voidWriteId
                0x00000828       0x1a program.o
                0x00000828                EEPROM_voidWriteId
 .text.EEPROM_voidWritePassword
                0x00000842       0x56 program.o
                0x00000842                EEPROM_voidWritePassword
 .text.new      0x00000898       0xf8 program.o
                0x00000898                new
 .text.EEPROM_u8SearchForPassword
                0x00000990       0x64 program.o
                0x00000990                EEPROM_u8SearchForPassword
 .text.EEPROM_u8SearchForName
                0x000009f4       0x54 program.o
                0x000009f4                EEPROM_u8SearchForName
 .text.SignIn   0x00000a48       0xec program.o
                0x00000a48                SignIn
 .text.Edit     0x00000b34      0x14a program.o
                0x00000b34                Edit
 .text.Show     0x00000c7e       0xa8 program.o
                0x00000c7e                Show
 .text.fan      0x00000d26       0x6a program.o
                0x00000d26                fan
 .text.Light    0x00000d90       0x76 program.o
                0x00000d90                Light
 .text.MovToStruct
                0x00000e06       0x52 program.o
                0x00000e06                MovToStruct
 .text.TIMER0_VidPWMInit
                0x00000e58       0x2c TIMER_Program.o
                0x00000e58                TIMER0_VidPWMInit
 .text.TIMER0_VidPWMDutyCycle
                0x00000e84        0x4 TIMER_Program.o
                0x00000e84                TIMER0_VidPWMDutyCycle
 .text.libgcc.div
                0x00000e88       0x28 c:/program files (x86)/atmel/studio/7.0/toolchain/avr8/avr8-gnu-toolchain/bin/../lib/gcc/avr/5.4.0/avr5\libgcc.a(_udivmodhi4.o)
                0x00000e88                __udivmodhi4
 .text.libgcc.mul
                0x00000eb0       0x1e c:/program files (x86)/atmel/studio/7.0/toolchain/avr8/avr8-gnu-toolchain/bin/../lib/gcc/avr/5.4.0/avr5\libgcc.a(_umulhisi3.o)
                0x00000eb0                __umulhisi3
                0x00000ece                . = ALIGN (0x2)
 *(.fini9)
 .fini9         0x00000ece        0x0 c:/program files (x86)/atmel/studio/7.0/toolchain/avr8/avr8-gnu-toolchain/bin/../lib/gcc/avr/5.4.0/avr5\libgcc.a(_exit.o)
                0x00000ece                _exit
                0x00000ece                exit
 *(.fini9)
 *(.fini8)
 *(.fini8)
 *(.fini7)
 *(.fini7)
 *(.fini6)
 *(.fini6)
 *(.fini5)
 *(.fini5)
 *(.fini4)
 *(.fini4)
 *(.fini3)
 *(.fini3)
 *(.fini2)
 *(.fini2)
 *(.fini1)
 *(.fini1)
 *(.fini0)
 .fini0         0x00000ece        0x4 c:/program files (x86)/atmel/studio/7.0/toolchain/avr8/avr8-gnu-toolchain/bin/../lib/gcc/avr/5.4.0/avr5\libgcc.a(_exit.o)
 *(.fini0)
                0x00000ed2                _etext = .

.data           0x00800060      0x30e load address 0x00000ed2
                0x00800060                PROVIDE (__data_start, .)
 *(.data)
 *(.data*)
 *(.gnu.linkonce.d*)
 *(.rodata)
 *(.rodata*)
 .rodata.str1.1
                0x00800060       0xb5 main.o
 .rodata.str1.1
                0x00800115      0x259 program.o
                                0x27b (size before relaxing)
 *(.gnu.linkonce.r*)
                0x0080036e                . = ALIGN (0x2)
                0x0080036e                _edata = .
                0x0080036e                PROVIDE (__data_end, .)

.bss            0x0080036e      0x108
                0x0080036e                PROVIDE (__bss_start, .)
 *(.bss)
 *(.bss*)
 .bss.address   0x0080036e        0x1 program.o
 .bss.lock      0x0080036f        0x1 program.o
                0x0080036f                lock
 .bss.counter   0x00800370        0x1 program.o
                0x00800370                counter
 .bss.users     0x00800371       0xdc program.o
                0x00800371                users
 *(COMMON)
 COMMON         0x0080044d       0x29 main.o
                0x0080044d                pass
                0x00800461                choose
                0x00800462                Buffer
                0x00800476                PROVIDE (__bss_end, .)
                0x00000ed2                __data_load_start = LOADADDR (.data)
                0x000011e0                __data_load_end = (__data_load_start + SIZEOF (.data))

.noinit         0x00800476        0x0
                [!provide]                PROVIDE (__noinit_start, .)
 *(.noinit*)
                [!provide]                PROVIDE (__noinit_end, .)
                0x00800476                _end = .
                [!provide]                PROVIDE (__heap_start, .)

.eeprom         0x00810000        0x0
 *(.eeprom*)
                0x00810000                __eeprom_end = .

.fuse
 *(.fuse)
 *(.lfuse)
 *(.hfuse)
 *(.efuse)

.lock
 *(.lock*)

.signature
 *(.signature*)

.user_signatures
 *(.user_signatures*)

.stab
 *(.stab)

.stabstr
 *(.stabstr)

.stab.excl
 *(.stab.excl)

.stab.exclstr
 *(.stab.exclstr)

.stab.index
 *(.stab.index)

.stab.indexstr
 *(.stab.indexstr)

.comment        0x00000000       0x30
 *(.comment)
 .comment       0x00000000       0x30 eeprom.o
                                 0x31 (size before relaxing)
 .comment       0x00000030       0x31 I2C.o
 .comment       0x00000030       0x31 main.o
 .comment       0x00000030       0x31 MCAL/DIO_PROG.o
 .comment       0x00000030       0x31 MCAL/UART.o
 .comment       0x00000030       0x31 program.o
 .comment       0x00000030       0x31 TIMER_Program.o

.note.gnu.avr.deviceinfo
                0x00000000       0x3c
 .note.gnu.avr.deviceinfo
                0x00000000       0x3c C:/Program Files (x86)/Atmel/Studio/7.0/Packs/atmel/ATmega_DFP/1.3.300/gcc/dev/atmega32/avr5/crtatmega32.o

.note.gnu.build-id
 *(.note.gnu.build-id)

.debug
 *(.debug)

.line
 *(.line)

.debug_srcinfo
 *(.debug_srcinfo)

.debug_sfnames
 *(.debug_sfnames)

.debug_aranges  0x00000000      0x210
 *(.debug_aranges)
 .debug_aranges
                0x00000000       0x30 eeprom.o
 .debug_aranges
                0x00000030       0x80 I2C.o
 .debug_aranges
                0x000000b0       0x20 main.o
 .debug_aranges
                0x000000d0       0x48 MCAL/DIO_PROG.o
 .debug_aranges
                0x00000118       0x50 MCAL/UART.o
 .debug_aranges
                0x00000168       0x80 program.o
 .debug_aranges
                0x000001e8       0x28 TIMER_Program.o

.debug_pubnames
 *(.debug_pubnames)

.debug_info     0x00000000     0x2142
 *(.debug_info .gnu.linkonce.wi.*)
 .debug_info    0x00000000      0x4e6 C:/Program Files (x86)/Atmel/Studio/7.0/Packs/atmel/ATmega_DFP/1.3.300/gcc/dev/atmega32/avr5/crtatmega32.o
 .debug_info    0x000004e6      0x2d6 eeprom.o
 .debug_info    0x000007bc      0x1df I2C.o
 .debug_info    0x0000099b      0x495 main.o
 .debug_info    0x00000e30      0x1d2 MCAL/DIO_PROG.o
 .debug_info    0x00001002      0x2c3 MCAL/UART.o
 .debug_info    0x000012c5      0xdd7 program.o
 .debug_info    0x0000209c       0xa6 TIMER_Program.o

.debug_abbrev   0x00000000      0xc8f
 *(.debug_abbrev)
 .debug_abbrev  0x00000000      0x4a3 C:/Program Files (x86)/Atmel/Studio/7.0/Packs/atmel/ATmega_DFP/1.3.300/gcc/dev/atmega32/avr5/crtatmega32.o
 .debug_abbrev  0x000004a3      0x145 eeprom.o
 .debug_abbrev  0x000005e8       0xac I2C.o
 .debug_abbrev  0x00000694      0x126 main.o
 .debug_abbrev  0x000007ba       0xb4 MCAL/DIO_PROG.o
 .debug_abbrev  0x0000086e      0x115 MCAL/UART.o
 .debug_abbrev  0x00000983      0x294 program.o
 .debug_abbrev  0x00000c17       0x78 TIMER_Program.o

.debug_line     0x00000000     0x12fc
 *(.debug_line .debug_line.* .debug_line_end)
 .debug_line    0x00000000      0x115 C:/Program Files (x86)/Atmel/Studio/7.0/Packs/atmel/ATmega_DFP/1.3.300/gcc/dev/atmega32/avr5/crtatmega32.o
 .debug_line    0x00000115      0x19c eeprom.o
 .debug_line    0x000002b1      0x2ed I2C.o
 .debug_line    0x0000059e      0x13f main.o
 .debug_line    0x000006dd      0x2f3 MCAL/DIO_PROG.o
 .debug_line    0x000009d0      0x25c MCAL/UART.o
 .debug_line    0x00000c2c      0x638 program.o
 .debug_line    0x00001264       0x98 TIMER_Program.o

.debug_frame    0x00000000      0x504
 *(.debug_frame)
 .debug_frame   0x00000000       0x58 eeprom.o
 .debug_frame   0x00000058       0xe4 I2C.o
 .debug_frame   0x0000013c       0x24 main.o
 .debug_frame   0x00000160       0x74 MCAL/DIO_PROG.o
 .debug_frame   0x000001d4      0x120 MCAL/UART.o
 .debug_frame   0x000002f4      0x1dc program.o
 .debug_frame   0x000004d0       0x34 TIMER_Program.o

.debug_str      0x00000000      0x8bd
 *(.debug_str)
 .debug_str     0x00000000      0x196 C:/Program Files (x86)/Atmel/Studio/7.0/Packs/atmel/ATmega_DFP/1.3.300/gcc/dev/atmega32/avr5/crtatmega32.o
 .debug_str     0x00000196      0x26c eeprom.o
                                0x2a8 (size before relaxing)
 .debug_str     0x00000402       0xc4 I2C.o
                                0x2ba (size before relaxing)
 .debug_str     0x000004c6      0x15a main.o
                                0x2ba (size before relaxing)
 .debug_str     0x00000620       0xc0 MCAL/DIO_PROG.o
                                0x22e (size before relaxing)
 .debug_str     0x000006e0       0xc9 MCAL/UART.o
                                0x28d (size before relaxing)
 .debug_str     0x000007a9       0xf7 program.o
                                0x43f (size before relaxing)
 .debug_str     0x000008a0       0x1d TIMER_Program.o
                                0x183 (size before relaxing)

.debug_loc      0x00000000     0x12ab
 *(.debug_loc)
 .debug_loc     0x00000000      0x182 eeprom.o
 .debug_loc     0x00000182       0x9c I2C.o
 .debug_loc     0x0000021e      0x447 MCAL/DIO_PROG.o
 .debug_loc     0x00000665      0x4c5 MCAL/UART.o
 .debug_loc     0x00000b2a      0x781 program.o

.debug_macinfo
 *(.debug_macinfo)

.debug_weaknames
 *(.debug_weaknames)

.debug_funcnames
 *(.debug_funcnames)

.debug_typenames
 *(.debug_typenames)

.debug_varnames
 *(.debug_varnames)

.debug_pubtypes
 *(.debug_pubtypes)

.debug_ranges   0x00000000      0x1a0
 *(.debug_ranges)
 .debug_ranges  0x00000000       0x20 eeprom.o
 .debug_ranges  0x00000020       0x70 I2C.o
 .debug_ranges  0x00000090       0x10 main.o
 .debug_ranges  0x000000a0       0x38 MCAL/DIO_PROG.o
 .debug_ranges  0x000000d8       0x40 MCAL/UART.o
 .debug_ranges  0x00000118       0x70 program.o
 .debug_ranges  0x00000188       0x18 TIMER_Program.o

.debug_macro
 *(.debug_macro)
OUTPUT(IMT project.elf elf32-avr)
LOAD linker stubs
